// Vitest Snapshot v1, https://vitest.dev/guide/snapshot.html

exports[`<Search /> > Should render successfully and match snapshot 1`] = `
<DocumentFragment>
  <div
    class="search-form-control"
  >
    <svg
      class="w-6 h-6"
      fill="none"
      stroke="currentColor"
      stroke-width="1.5"
      viewBox="0 0 24 24"
      xmlns="http://www.w3.org/2000/svg"
    >
      <path
        d="M21 21l-5.197-5.197m0 0A7.5 7.5 0 105.196 5.196a7.5 7.5 0 0010.607 10.607z"
        stroke-linecap="round"
        stroke-linejoin="round"
      />
    </svg>
    <input
      data-testid="search-input"
      id="search"
      name="search"
      type="text"
      value=""
    />
    <button
      data-testid="search-btn"
      type="submit"
    >
      Search
    </button>
  </div>
</DocumentFragment>
`;
