// Vitest Snapshot v1, https://vitest.dev/guide/snapshot.html

exports[`<AllToys /> > Should fetch all cars on render and match snapshot 1`] = `
<DocumentFragment>
  <section
    class="toys-container"
  >
    <div
      class="toys-top-header"
    >
      <div
        class="toys-total-count"
      >
        Toys 
        <span>
          (0)
        </span>
      </div>
      <div
        class="search-form-control"
      >
        <svg
          class="w-6 h-6"
          fill="none"
          stroke="currentColor"
          stroke-width="1.5"
          viewBox="0 0 24 24"
          xmlns="http://www.w3.org/2000/svg"
        >
          <path
            d="M21 21l-5.197-5.197m0 0A7.5 7.5 0 105.196 5.196a7.5 7.5 0 0010.607 10.607z"
            stroke-linecap="round"
            stroke-linejoin="round"
          />
        </svg>
        <input
          data-testid="search-input"
          id="search"
          name="search"
          placeholder="Search Your Favorite Toys... eg. bus, ferrari, truck"
          type="text"
          value=""
        />
        <button
          data-testid="search-btn"
          type="submit"
        >
          Search
        </button>
      </div>
      <div
        class="toys-filter-sortby-wrapper"
      >
        <div
          class="toys-filter-wrapper"
        >
          <button
            data-testid="all-toys-filter-btn"
          >
            <span>
              Filter
            </span>
            <span>
              <svg
                class="w-6 h-6"
                fill="none"
                stroke="currentColor"
                stroke-width="1.5"
                viewBox="0 0 24 24"
                xmlns="http://www.w3.org/2000/svg"
              >
                <path
                  d="M10.5 6h9.75M10.5 6a1.5 1.5 0 11-3 0m3 0a1.5 1.5 0 10-3 0M3.75 6H7.5m3 12h9.75m-9.75 0a1.5 1.5 0 01-3 0m3 0a1.5 1.5 0 00-3 0m-3.75 0H7.5m9-6h3.75m-3.75 0a1.5 1.5 0 01-3 0m3 0a1.5 1.5 0 00-3 0m-9.75 0h9.75"
                  stroke-linecap="round"
                  stroke-linejoin="round"
                />
              </svg>
            </span>
          </button>
          <div
            class="toys-filter-options"
            data-testid="all-toys-filter-options"
          >
            <button>
              All
            </button>
            <button>
              Ferrari
            </button>
            <button>
              Bus
            </button>
            <button>
              Truck
            </button>
          </div>
        </div>
        <div
          class="toys-sortby-wrapper"
        >
          <button
            data-testid="all-toys-sortby-btn"
          >
            <span>
              Sort By
            </span>
            <span>
              <svg
                class="w-6 h-6"
                fill="none"
                stroke="currentColor"
                stroke-width="1.5"
                viewBox="0 0 24 24"
                xmlns="http://www.w3.org/2000/svg"
              >
                <path
                  d="M19.5 8.25l-7.5 7.5-7.5-7.5"
                  stroke-linecap="round"
                  stroke-linejoin="round"
                />
              </svg>
              <svg
                class="toys-sort-upper-chevron"
                fill="none"
                stroke="currentColor"
                stroke-width="1.5"
                viewBox="0 0 24 24"
                xmlns="http://www.w3.org/2000/svg"
              >
                <path
                  d="M4.5 15.75l7.5-7.5 7.5 7.5"
                  stroke-linecap="round"
                  stroke-linejoin="round"
                />
              </svg>
            </span>
          </button>
          <div
            class="toys-sortby-options"
            data-testid="all-toys-sortby-options"
          >
            <button>
              Default
            </button>
            <button>
              Price: Low To High
            </button>
            <button>
              Price: High To Low
            </button>
          </div>
        </div>
      </div>
    </div>
    <div
      class="toys-grid"
    >
      <div
        style="display: none;"
      >
        all-toys-loading
      </div>
      <span
        aria-busy="true"
        aria-live="polite"
      >
        <span
          class="react-loading-skeleton"
          style="height: 400px; border-radius: 15px;"
        >
          ‌
        </span>
        <br />
      </span>
      <span
        aria-busy="true"
        aria-live="polite"
      >
        <span
          class="react-loading-skeleton"
          style="height: 400px; border-radius: 15px;"
        >
          ‌
        </span>
        <br />
      </span>
      <span
        aria-busy="true"
        aria-live="polite"
      >
        <span
          class="react-loading-skeleton"
          style="height: 400px; border-radius: 15px;"
        >
          ‌
        </span>
        <br />
      </span>
      <span
        aria-busy="true"
        aria-live="polite"
      >
        <span
          class="react-loading-skeleton"
          style="height: 400px; border-radius: 15px;"
        >
          ‌
        </span>
        <br />
      </span>
      <span
        aria-busy="true"
        aria-live="polite"
      >
        <span
          class="react-loading-skeleton"
          style="height: 400px; border-radius: 15px;"
        >
          ‌
        </span>
        <br />
      </span>
      <span
        aria-busy="true"
        aria-live="polite"
      >
        <span
          class="react-loading-skeleton"
          style="height: 400px; border-radius: 15px;"
        >
          ‌
        </span>
        <br />
      </span>
      <span
        aria-busy="true"
        aria-live="polite"
      >
        <span
          class="react-loading-skeleton"
          style="height: 400px; border-radius: 15px;"
        >
          ‌
        </span>
        <br />
      </span>
      <span
        aria-busy="true"
        aria-live="polite"
      >
        <span
          class="react-loading-skeleton"
          style="height: 400px; border-radius: 15px;"
        >
          ‌
        </span>
        <br />
      </span>
      <span
        aria-busy="true"
        aria-live="polite"
      >
        <span
          class="react-loading-skeleton"
          style="height: 400px; border-radius: 15px;"
        >
          ‌
        </span>
        <br />
      </span>
      <span
        aria-busy="true"
        aria-live="polite"
      >
        <span
          class="react-loading-skeleton"
          style="height: 400px; border-radius: 15px;"
        >
          ‌
        </span>
        <br />
      </span>
      <span
        aria-busy="true"
        aria-live="polite"
      >
        <span
          class="react-loading-skeleton"
          style="height: 400px; border-radius: 15px;"
        >
          ‌
        </span>
        <br />
      </span>
      <span
        aria-busy="true"
        aria-live="polite"
      >
        <span
          class="react-loading-skeleton"
          style="height: 400px; border-radius: 15px;"
        >
          ‌
        </span>
        <br />
      </span>
      <span
        aria-busy="true"
        aria-live="polite"
      >
        <span
          class="react-loading-skeleton"
          style="height: 400px; border-radius: 15px;"
        >
          ‌
        </span>
        <br />
      </span>
      <span
        aria-busy="true"
        aria-live="polite"
      >
        <span
          class="react-loading-skeleton"
          style="height: 400px; border-radius: 15px;"
        >
          ‌
        </span>
        <br />
      </span>
      <span
        aria-busy="true"
        aria-live="polite"
      >
        <span
          class="react-loading-skeleton"
          style="height: 400px; border-radius: 15px;"
        >
          ‌
        </span>
        <br />
      </span>
      <span
        aria-busy="true"
        aria-live="polite"
      >
        <span
          class="react-loading-skeleton"
          style="height: 400px; border-radius: 15px;"
        >
          ‌
        </span>
        <br />
      </span>
      <span
        aria-busy="true"
        aria-live="polite"
      >
        <span
          class="react-loading-skeleton"
          style="height: 400px; border-radius: 15px;"
        >
          ‌
        </span>
        <br />
      </span>
      <span
        aria-busy="true"
        aria-live="polite"
      >
        <span
          class="react-loading-skeleton"
          style="height: 400px; border-radius: 15px;"
        >
          ‌
        </span>
        <br />
      </span>
      <span
        aria-busy="true"
        aria-live="polite"
      >
        <span
          class="react-loading-skeleton"
          style="height: 400px; border-radius: 15px;"
        >
          ‌
        </span>
        <br />
      </span>
      <span
        aria-busy="true"
        aria-live="polite"
      >
        <span
          class="react-loading-skeleton"
          style="height: 400px; border-radius: 15px;"
        >
          ‌
        </span>
        <br />
      </span>
    </div>
  </section>
</DocumentFragment>
`;
