// Vitest Snapshot v1, https://vitest.dev/guide/snapshot.html

exports[`<ToyDetails /> > should render, fetch single data and match snapshot succesfully 1`] = `
<DocumentFragment>
  <section
    class="details-container"
  >
    <div
      class="img-galary"
    >
      <div
        data-testid="toy-details-loading-skeleton"
        style="display: none;"
      >
        toy-details-loading-skeleton
      </div>
      <span
        aria-busy="true"
        aria-live="polite"
      >
        <span
          class="react-loading-skeleton"
          style="width: 100%; height: 100%;"
        >
          ‌
        </span>
        <br />
      </span>
      <span
        aria-busy="true"
        aria-live="polite"
      >
        <span
          class="react-loading-skeleton"
          style="width: 100%; height: 100%;"
        >
          ‌
        </span>
        <br />
      </span>
      <span
        aria-busy="true"
        aria-live="polite"
      >
        <span
          class="react-loading-skeleton"
          style="width: 100%; height: 100%;"
        >
          ‌
        </span>
        <br />
      </span>
      <span
        aria-busy="true"
        aria-live="polite"
      >
        <span
          class="react-loading-skeleton"
          style="width: 100%; height: 100%;"
        >
          ‌
        </span>
        <br />
      </span>
    </div>
    <div
      class="details"
    >
      <span
        aria-busy="true"
        aria-live="polite"
      >
        <span
          class="react-loading-skeleton"
        >
          ‌
        </span>
        <br />
      </span>
      <span
        aria-busy="true"
        aria-live="polite"
      >
        <span
          class="react-loading-skeleton"
        >
          ‌
        </span>
        <br />
      </span>
      <span
        aria-busy="true"
        aria-live="polite"
      >
        <span
          class="react-loading-skeleton"
        >
          ‌
        </span>
        <br />
      </span>
      <span
        aria-busy="true"
        aria-live="polite"
      >
        <span
          class="react-loading-skeleton"
        >
          ‌
        </span>
        <br />
      </span>
      <div
        class="seller"
      >
        <span
          aria-busy="true"
          aria-live="polite"
        >
          <span
            class="react-loading-skeleton"
          >
            ‌
          </span>
          <br />
        </span>
        <span
          aria-busy="true"
          aria-live="polite"
        >
          <span
            class="react-loading-skeleton"
          >
            ‌
          </span>
          <br />
        </span>
      </div>
      <p
        class="rating"
      >
        <svg
          fill="currentColor"
          height="1em"
          stroke="currentColor"
          stroke-width="0"
          style="color: rgb(233, 142, 22);"
          viewBox="0 0 576 512"
          width="1em"
          xmlns="http://www.w3.org/2000/svg"
        >
          <path
            d="M259.3 17.8L194 150.2 47.9 171.5c-26.2 3.8-36.7 36.1-17.7 54.6l105.7 103-25 145.5c-4.5 26.3 23.2 46 46.4 33.7L288 439.6l130.7 68.7c23.2 12.2 50.9-7.4 46.4-33.7l-25-145.5 105.7-103c19-18.5 8.5-50.8-17.7-54.6L382 150.2 316.7 17.8c-11.7-23.6-45.6-23.9-57.4 0z"
          />
        </svg>
         0/5(100)
      </p>
      <span
        aria-busy="true"
        aria-live="polite"
      >
        <span
          class="react-loading-skeleton"
        >
          ‌
        </span>
        <br />
      </span>
      <div
        class="toy-details-btns"
      >
        <button>
          Buy Now
        </button>
        <button>
          Add To Cart
        </button>
      </div>
    </div>
  </section>
</DocumentFragment>
`;
