// Vitest Snapshot v1, https://vitest.dev/guide/snapshot.html

exports[`<ToyDetails /> > should render  succesfully 1`] = `
<DocumentFragment>
  <div
    class="details-container"
  >
    <div
      class="img-galary"
    >
      <img
        alt=""
        src="https://images.pexels.com/photos/163836/vw-bulli-meadow-peace-163836.jpeg?auto=compress&cs=tinysrgb&w=1260&h=750&dpr=1"
      />
      <img
        alt=""
        src="https://images.pexels.com/photos/163836/vw-bulli-meadow-peace-163836.jpeg?auto=compress&cs=tinysrgb&w=1260&h=750&dpr=1"
      />
      <img
        alt=""
        src="https://images.pexels.com/photos/163836/vw-bulli-meadow-peace-163836.jpeg?auto=compress&cs=tinysrgb&w=1260&h=750&dpr=1"
      />
      <img
        alt=""
        src="https://images.pexels.com/photos/163836/vw-bulli-meadow-peace-163836.jpeg?auto=compress&cs=tinysrgb&w=1260&h=750&dpr=1"
      />
    </div>
    <div
      class="details"
    >
      <h4>
        TaTa super bus
      </h4>
      <p
        class="price"
      >
        12$
      </p>
      <p>
        Category: Bus
      </p>
      <p>
         pieces available
      </p>
      <div
        class="seller"
      >
        <p>
          Seller: mehedi
        </p>
        <p>
          Email: mehedimiah47@gmail.com
        </p>
      </div>
      <p
        class="rating"
      >
        <svg
          fill="currentColor"
          height="1em"
          stroke="currentColor"
          stroke-width="0"
          style="color: rgb(233, 142, 22);"
          viewBox="0 0 576 512"
          width="1em"
          xmlns="http://www.w3.org/2000/svg"
        >
          <path
            d="M259.3 17.8L194 150.2 47.9 171.5c-26.2 3.8-36.7 36.1-17.7 54.6l105.7 103-25 145.5c-4.5 26.3 23.2 46 46.4 33.7L288 439.6l130.7 68.7c23.2 12.2 50.9-7.4 46.4-33.7l-25-145.5 105.7-103c19-18.5 8.5-50.8-17.7-54.6L382 150.2 316.7 17.8c-11.7-23.6-45.6-23.9-57.4 0z"
          />
        </svg>
         5/5(100)
      </p>
      <p
        class="desc"
      >
        this is tata super bus
      </p>
      <div
        class="toy-details-btns"
      >
        <button>
          Buy Now
        </button>
        <button>
          Add To Cart
        </button>
      </div>
    </div>
  </div>
</DocumentFragment>
`;

exports[`<ToyDetails /> > should render succesfully 1`] = `
<DocumentFragment>
  <div
    class="details-container"
  >
    <div
      class="img-galary"
    >
      <img
        alt=""
        src="https://images.pexels.com/photos/163836/vw-bulli-meadow-peace-163836.jpeg?auto=compress&cs=tinysrgb&w=1260&h=750&dpr=1"
      />
      <img
        alt=""
        src="https://images.pexels.com/photos/163836/vw-bulli-meadow-peace-163836.jpeg?auto=compress&cs=tinysrgb&w=1260&h=750&dpr=1"
      />
      <img
        alt=""
        src="https://images.pexels.com/photos/163836/vw-bulli-meadow-peace-163836.jpeg?auto=compress&cs=tinysrgb&w=1260&h=750&dpr=1"
      />
      <img
        alt=""
        src="https://images.pexels.com/photos/163836/vw-bulli-meadow-peace-163836.jpeg?auto=compress&cs=tinysrgb&w=1260&h=750&dpr=1"
      />
    </div>
    <div
      class="details"
    >
      <h4>
        TaTa super bus
      </h4>
      <p
        class="price"
      >
        12$
      </p>
      <p>
        Category: Bus
      </p>
      <p>
         pieces available
      </p>
      <div
        class="seller"
      >
        <p>
          Seller: mehedi
        </p>
        <p>
          Email: mehedimiah47@gmail.com
        </p>
      </div>
      <p
        class="rating"
      >
        <svg
          fill="currentColor"
          height="1em"
          stroke="currentColor"
          stroke-width="0"
          style="color: rgb(233, 142, 22);"
          viewBox="0 0 576 512"
          width="1em"
          xmlns="http://www.w3.org/2000/svg"
        >
          <path
            d="M259.3 17.8L194 150.2 47.9 171.5c-26.2 3.8-36.7 36.1-17.7 54.6l105.7 103-25 145.5c-4.5 26.3 23.2 46 46.4 33.7L288 439.6l130.7 68.7c23.2 12.2 50.9-7.4 46.4-33.7l-25-145.5 105.7-103c19-18.5 8.5-50.8-17.7-54.6L382 150.2 316.7 17.8c-11.7-23.6-45.6-23.9-57.4 0z"
          />
        </svg>
         5/5(100)
      </p>
      <p
        class="desc"
      >
        this is tata super bus
      </p>
      <div
        class="toy-details-btns"
      >
        <button>
          Buy Now
        </button>
        <button>
          Add To Cart
        </button>
      </div>
    </div>
  </div>
</DocumentFragment>
`;

exports[`<ToyDetails /> > should render,  succesfully 1`] = `
<DocumentFragment>
  <div
    class="details-container"
  >
    <div
      class="img-galary"
    >
      <img
        alt=""
        src="https://images.pexels.com/photos/163836/vw-bulli-meadow-peace-163836.jpeg?auto=compress&cs=tinysrgb&w=1260&h=750&dpr=1"
      />
      <img
        alt=""
        src="https://images.pexels.com/photos/163836/vw-bulli-meadow-peace-163836.jpeg?auto=compress&cs=tinysrgb&w=1260&h=750&dpr=1"
      />
      <img
        alt=""
        src="https://images.pexels.com/photos/163836/vw-bulli-meadow-peace-163836.jpeg?auto=compress&cs=tinysrgb&w=1260&h=750&dpr=1"
      />
      <img
        alt=""
        src="https://images.pexels.com/photos/163836/vw-bulli-meadow-peace-163836.jpeg?auto=compress&cs=tinysrgb&w=1260&h=750&dpr=1"
      />
    </div>
    <div
      class="details"
    >
      <h4>
        TaTa super bus
      </h4>
      <p
        class="price"
      >
        12$
      </p>
      <p>
        Category: Bus
      </p>
      <p>
         pieces available
      </p>
      <div
        class="seller"
      >
        <p>
          Seller: mehedi
        </p>
        <p>
          Email: mehedimiah47@gmail.com
        </p>
      </div>
      <p
        class="rating"
      >
        <svg
          fill="currentColor"
          height="1em"
          stroke="currentColor"
          stroke-width="0"
          style="color: rgb(233, 142, 22);"
          viewBox="0 0 576 512"
          width="1em"
          xmlns="http://www.w3.org/2000/svg"
        >
          <path
            d="M259.3 17.8L194 150.2 47.9 171.5c-26.2 3.8-36.7 36.1-17.7 54.6l105.7 103-25 145.5c-4.5 26.3 23.2 46 46.4 33.7L288 439.6l130.7 68.7c23.2 12.2 50.9-7.4 46.4-33.7l-25-145.5 105.7-103c19-18.5 8.5-50.8-17.7-54.6L382 150.2 316.7 17.8c-11.7-23.6-45.6-23.9-57.4 0z"
          />
        </svg>
         5/5(100)
      </p>
      <p
        class="desc"
      >
        this is tata super bus
      </p>
      <div
        class="toy-details-btns"
      >
        <button>
          Buy Now
        </button>
        <button>
          Add To Cart
        </button>
      </div>
    </div>
  </div>
</DocumentFragment>
`;

exports[`<ToyDetails /> > should render, fetch  succesfully 1`] = `
<DocumentFragment>
  <div
    class="details-container"
  >
    <div
      class="img-galary"
    >
      <img
        alt=""
        src="https://images.pexels.com/photos/163836/vw-bulli-meadow-peace-163836.jpeg?auto=compress&cs=tinysrgb&w=1260&h=750&dpr=1"
      />
      <img
        alt=""
        src="https://images.pexels.com/photos/163836/vw-bulli-meadow-peace-163836.jpeg?auto=compress&cs=tinysrgb&w=1260&h=750&dpr=1"
      />
      <img
        alt=""
        src="https://images.pexels.com/photos/163836/vw-bulli-meadow-peace-163836.jpeg?auto=compress&cs=tinysrgb&w=1260&h=750&dpr=1"
      />
      <img
        alt=""
        src="https://images.pexels.com/photos/163836/vw-bulli-meadow-peace-163836.jpeg?auto=compress&cs=tinysrgb&w=1260&h=750&dpr=1"
      />
    </div>
    <div
      class="details"
    >
      <h4>
        TaTa super bus
      </h4>
      <p
        class="price"
      >
        12$
      </p>
      <p>
        Category: Bus
      </p>
      <p>
         pieces available
      </p>
      <div
        class="seller"
      >
        <p>
          Seller: mehedi
        </p>
        <p>
          Email: mehedimiah47@gmail.com
        </p>
      </div>
      <p
        class="rating"
      >
        <svg
          fill="currentColor"
          height="1em"
          stroke="currentColor"
          stroke-width="0"
          style="color: rgb(233, 142, 22);"
          viewBox="0 0 576 512"
          width="1em"
          xmlns="http://www.w3.org/2000/svg"
        >
          <path
            d="M259.3 17.8L194 150.2 47.9 171.5c-26.2 3.8-36.7 36.1-17.7 54.6l105.7 103-25 145.5c-4.5 26.3 23.2 46 46.4 33.7L288 439.6l130.7 68.7c23.2 12.2 50.9-7.4 46.4-33.7l-25-145.5 105.7-103c19-18.5 8.5-50.8-17.7-54.6L382 150.2 316.7 17.8c-11.7-23.6-45.6-23.9-57.4 0z"
          />
        </svg>
         5/5(100)
      </p>
      <p
        class="desc"
      >
        this is tata super bus
      </p>
      <div
        class="toy-details-btns"
      >
        <button>
          Buy Now
        </button>
        <button>
          Add To Cart
        </button>
      </div>
    </div>
  </div>
</DocumentFragment>
`;

exports[`<ToyDetails /> > should render, fetch single data and  succesfully 1`] = `
<DocumentFragment>
  <div
    class="details-container"
  >
    <div
      class="img-galary"
    >
      <img
        alt=""
        src="https://images.pexels.com/photos/163836/vw-bulli-meadow-peace-163836.jpeg?auto=compress&cs=tinysrgb&w=1260&h=750&dpr=1"
      />
      <img
        alt=""
        src="https://images.pexels.com/photos/163836/vw-bulli-meadow-peace-163836.jpeg?auto=compress&cs=tinysrgb&w=1260&h=750&dpr=1"
      />
      <img
        alt=""
        src="https://images.pexels.com/photos/163836/vw-bulli-meadow-peace-163836.jpeg?auto=compress&cs=tinysrgb&w=1260&h=750&dpr=1"
      />
      <img
        alt=""
        src="https://images.pexels.com/photos/163836/vw-bulli-meadow-peace-163836.jpeg?auto=compress&cs=tinysrgb&w=1260&h=750&dpr=1"
      />
    </div>
    <div
      class="details"
    >
      <h4>
        TaTa super bus
      </h4>
      <p
        class="price"
      >
        12$
      </p>
      <p>
        Category: Bus
      </p>
      <p>
         pieces available
      </p>
      <div
        class="seller"
      >
        <p>
          Seller: mehedi
        </p>
        <p>
          Email: mehedimiah47@gmail.com
        </p>
      </div>
      <p
        class="rating"
      >
        <svg
          fill="currentColor"
          height="1em"
          stroke="currentColor"
          stroke-width="0"
          style="color: rgb(233, 142, 22);"
          viewBox="0 0 576 512"
          width="1em"
          xmlns="http://www.w3.org/2000/svg"
        >
          <path
            d="M259.3 17.8L194 150.2 47.9 171.5c-26.2 3.8-36.7 36.1-17.7 54.6l105.7 103-25 145.5c-4.5 26.3 23.2 46 46.4 33.7L288 439.6l130.7 68.7c23.2 12.2 50.9-7.4 46.4-33.7l-25-145.5 105.7-103c19-18.5 8.5-50.8-17.7-54.6L382 150.2 316.7 17.8c-11.7-23.6-45.6-23.9-57.4 0z"
          />
        </svg>
         5/5(100)
      </p>
      <p
        class="desc"
      >
        this is tata super bus
      </p>
      <div
        class="toy-details-btns"
      >
        <button>
          Buy Now
        </button>
        <button>
          Add To Cart
        </button>
      </div>
    </div>
  </div>
</DocumentFragment>
`;

exports[`<ToyDetails /> > should render, fetch single data and match snapshot succesfully 1`] = `
<DocumentFragment>
  <div
    class="details-container"
  >
    <div
      class="img-galary"
    >
      <img
        alt=""
        src="https://images.pexels.com/photos/163836/vw-bulli-meadow-peace-163836.jpeg?auto=compress&cs=tinysrgb&w=1260&h=750&dpr=1"
      />
      <img
        alt=""
        src="https://images.pexels.com/photos/163836/vw-bulli-meadow-peace-163836.jpeg?auto=compress&cs=tinysrgb&w=1260&h=750&dpr=1"
      />
      <img
        alt=""
        src="https://images.pexels.com/photos/163836/vw-bulli-meadow-peace-163836.jpeg?auto=compress&cs=tinysrgb&w=1260&h=750&dpr=1"
      />
      <img
        alt=""
        src="https://images.pexels.com/photos/163836/vw-bulli-meadow-peace-163836.jpeg?auto=compress&cs=tinysrgb&w=1260&h=750&dpr=1"
      />
    </div>
    <div
      class="details"
    >
      <h4>
        TaTa super bus
      </h4>
      <p
        class="price"
      >
        12$
      </p>
      <p>
        Category: Bus
      </p>
      <p>
         pieces available
      </p>
      <div
        class="seller"
      >
        <p>
          Seller: mehedi
        </p>
        <p>
          Email: mehedimiah47@gmail.com
        </p>
      </div>
      <p
        class="rating"
      >
        <svg
          fill="currentColor"
          height="1em"
          stroke="currentColor"
          stroke-width="0"
          style="color: rgb(233, 142, 22);"
          viewBox="0 0 576 512"
          width="1em"
          xmlns="http://www.w3.org/2000/svg"
        >
          <path
            d="M259.3 17.8L194 150.2 47.9 171.5c-26.2 3.8-36.7 36.1-17.7 54.6l105.7 103-25 145.5c-4.5 26.3 23.2 46 46.4 33.7L288 439.6l130.7 68.7c23.2 12.2 50.9-7.4 46.4-33.7l-25-145.5 105.7-103c19-18.5 8.5-50.8-17.7-54.6L382 150.2 316.7 17.8c-11.7-23.6-45.6-23.9-57.4 0z"
          />
        </svg>
         5/5(100)
      </p>
      <p
        class="desc"
      >
        this is tata super bus
      </p>
      <div
        class="toy-details-btns"
      >
        <button>
          Buy Now
        </button>
        <button>
          Add To Cart
        </button>
      </div>
    </div>
  </div>
</DocumentFragment>
`;
